[2022-03-31T17:54:09.955-0400][0.025s] Heap region size: 1M
[2022-03-31T17:54:09.991-0400][0.062s] Using G1
[2022-03-31T17:54:09.991-0400][0.062s] Heap address: 0x00000000e0000000, size: 512 MB, Compressed Oops mode: 32-bit
[2022-03-31T17:54:09.992-0400][0.062s] Mark closed archive regions in map: [0x00000000fff00000, 0x00000000fff6aff8]
[2022-03-31T17:54:09.992-0400][0.062s] Mark open archive regions in map: [0x00000000ffe00000, 0x00000000ffe46ff8]
[2022-03-31T17:54:10.429-0400][0.499s] GC(0) Pause Young (Normal) (G1 Evacuation Pause)
[2022-03-31T17:54:10.429-0400][0.500s] GC(0) Using 4 workers of 4 for evacuation
[2022-03-31T17:54:10.443-0400][0.514s] GC(0)   Pre Evacuate Collection Set: 0.0ms
[2022-03-31T17:54:10.443-0400][0.514s] GC(0)   Evacuate Collection Set: 8.5ms
[2022-03-31T17:54:10.443-0400][0.514s] GC(0)   Post Evacuate Collection Set: 5.5ms
[2022-03-31T17:54:10.443-0400][0.514s] GC(0)   Other: 0.4ms
[2022-03-31T17:54:10.443-0400][0.514s] GC(0) Eden regions: 25->0(304)
[2022-03-31T17:54:10.443-0400][0.514s] GC(0) Survivor regions: 0->3(4)
[2022-03-31T17:54:10.443-0400][0.514s] GC(0) Old regions: 2->2
[2022-03-31T17:54:10.443-0400][0.514s] GC(0) Humongous regions: 0->0
[2022-03-31T17:54:10.443-0400][0.514s] GC(0) Metaspace: 6637K->6637K(1056768K)
[2022-03-31T17:54:10.443-0400][0.514s] GC(0) Pause Young (Normal) (G1 Evacuation Pause) 25M->3M(512M) 14.474ms
[2022-03-31T17:54:10.443-0400][0.514s] GC(0) User=0.05s Sys=0.01s Real=0.02s
[2022-03-31T17:54:10.910-0400][0.980s] GC(1) Pause Young (Normal) (G1 Evacuation Pause)
[2022-03-31T17:54:10.910-0400][0.980s] GC(1) Using 4 workers of 4 for evacuation
[2022-03-31T17:54:10.929-0400][0.999s] GC(1)   Pre Evacuate Collection Set: 0.0ms
[2022-03-31T17:54:10.929-0400][1.000s] GC(1)   Evacuate Collection Set: 18.2ms
[2022-03-31T17:54:10.929-0400][1.000s] GC(1)   Post Evacuate Collection Set: 1.2ms
[2022-03-31T17:54:10.929-0400][1.000s] GC(1)   Other: 0.1ms
[2022-03-31T17:54:10.929-0400][1.000s] GC(1) Eden regions: 34->0(39)
[2022-03-31T17:54:10.929-0400][1.000s] GC(1) Survivor regions: 3->5(5)
[2022-03-31T17:54:10.929-0400][1.000s] GC(1) Old regions: 2->9
[2022-03-31T17:54:10.929-0400][1.000s] GC(1) Humongous regions: 4->4
[2022-03-31T17:54:10.929-0400][1.000s] GC(1) Metaspace: 15011K->15011K(1062912K)
[2022-03-31T17:54:10.929-0400][1.000s] GC(1) Pause Young (Normal) (G1 Evacuation Pause) 41M->16M(512M) 19.602ms
[2022-03-31T17:54:10.929-0400][1.000s] GC(1) User=0.05s Sys=0.00s Real=0.02s
[2022-03-31T17:54:11.259-0400][1.330s] GC(2) Pause Young (Normal) (G1 Evacuation Pause)
[2022-03-31T17:54:11.259-0400][1.330s] GC(2) Using 4 workers of 4 for evacuation
[2022-03-31T17:54:11.273-0400][1.343s] GC(2)   Pre Evacuate Collection Set: 0.0ms
[2022-03-31T17:54:11.273-0400][1.343s] GC(2)   Evacuate Collection Set: 8.1ms
[2022-03-31T17:54:11.273-0400][1.343s] GC(2)   Post Evacuate Collection Set: 5.6ms
[2022-03-31T17:54:11.273-0400][1.343s] GC(2)   Other: 0.1ms
[2022-03-31T17:54:11.273-0400][1.343s] GC(2) Eden regions: 37->0(48)
[2022-03-31T17:54:11.273-0400][1.343s] GC(2) Survivor regions: 5->6(6)
[2022-03-31T17:54:11.273-0400][1.343s] GC(2) Old regions: 9->15
[2022-03-31T17:54:11.273-0400][1.343s] GC(2) Humongous regions: 4->4
[2022-03-31T17:54:11.273-0400][1.343s] GC(2) Metaspace: 18862K->18862K(1067008K)
[2022-03-31T17:54:11.273-0400][1.343s] GC(2) Pause Young (Normal) (G1 Evacuation Pause) 53M->23M(512M) 13.865ms
[2022-03-31T17:54:11.273-0400][1.343s] GC(2) User=0.02s Sys=0.01s Real=0.01s
[2022-03-31T17:54:11.347-0400][1.417s] GC(3) Pause Young (Concurrent Start) (Metadata GC Threshold)
[2022-03-31T17:54:11.347-0400][1.417s] GC(3) Using 4 workers of 4 for evacuation
[2022-03-31T17:54:11.354-0400][1.424s] GC(3)   Pre Evacuate Collection Set: 0.0ms
[2022-03-31T17:54:11.354-0400][1.424s] GC(3)   Evacuate Collection Set: 6.6ms
[2022-03-31T17:54:11.354-0400][1.424s] GC(3)   Post Evacuate Collection Set: 0.2ms
[2022-03-31T17:54:11.354-0400][1.424s] GC(3)   Other: 0.1ms
[2022-03-31T17:54:11.354-0400][1.424s] GC(3) Eden regions: 16->0(53)
[2022-03-31T17:54:11.354-0400][1.424s] GC(3) Survivor regions: 6->1(7)
[2022-03-31T17:54:11.354-0400][1.424s] GC(3) Old regions: 15->21
[2022-03-31T17:54:11.354-0400][1.424s] GC(3) Humongous regions: 4->4
[2022-03-31T17:54:11.354-0400][1.424s] GC(3) Metaspace: 20479K->20479K(1069056K)
[2022-03-31T17:54:11.354-0400][1.424s] GC(3) Pause Young (Concurrent Start) (Metadata GC Threshold) 39M->24M(512M) 7.049ms
[2022-03-31T17:54:11.354-0400][1.424s] GC(3) User=0.02s Sys=0.00s Real=0.01s
[2022-03-31T17:54:11.354-0400][1.425s] GC(4) Concurrent Cycle
[2022-03-31T17:54:11.354-0400][1.425s] GC(4) Concurrent Clear Claimed Marks
[2022-03-31T17:54:11.354-0400][1.425s] GC(4) Concurrent Clear Claimed Marks 0.026ms
[2022-03-31T17:54:11.354-0400][1.425s] GC(4) Concurrent Scan Root Regions
[2022-03-31T17:54:11.354-0400][1.425s] GC(4) Concurrent Scan Root Regions 0.281ms
[2022-03-31T17:54:11.354-0400][1.425s] GC(4) Concurrent Mark (1.425s)
[2022-03-31T17:54:11.354-0400][1.425s] GC(4) Concurrent Mark From Roots
[2022-03-31T17:54:11.354-0400][1.425s] GC(4) Using 1 workers of 1 for marking
[2022-03-31T17:54:11.385-0400][1.456s] GC(4) Concurrent Mark From Roots 30.935ms
[2022-03-31T17:54:11.385-0400][1.456s] GC(4) Concurrent Preclean
[2022-03-31T17:54:11.386-0400][1.456s] GC(4) Concurrent Preclean 0.100ms
[2022-03-31T17:54:11.386-0400][1.456s] GC(4) Concurrent Mark (1.425s, 1.456s) 31.076ms
[2022-03-31T17:54:11.386-0400][1.456s] GC(4) Pause Remark
[2022-03-31T17:54:11.389-0400][1.459s] GC(4) Cleaned string and symbol table, strings: 8801 processed, 24 removed, symbols: 63852 processed, 35 removed
[2022-03-31T17:54:11.390-0400][1.460s] GC(4) Pause Remark 28M->28M(512M) 3.930ms
[2022-03-31T17:54:11.390-0400][1.460s] GC(4) User=0.01s Sys=0.00s Real=0.00s
[2022-03-31T17:54:11.390-0400][1.460s] GC(4) Concurrent Rebuild Remembered Sets
[2022-03-31T17:54:11.405-0400][1.475s] GC(4) Concurrent Rebuild Remembered Sets 14.808ms
[2022-03-31T17:54:11.405-0400][1.475s] GC(4) Pause Cleanup
[2022-03-31T17:54:11.405-0400][1.475s] GC(4) Pause Cleanup 29M->29M(512M) 0.216ms
[2022-03-31T17:54:11.405-0400][1.475s] GC(4) User=0.00s Sys=0.00s Real=0.00s
[2022-03-31T17:54:11.405-0400][1.476s] GC(4) Concurrent Cleanup for Next Mark
[2022-03-31T17:54:11.406-0400][1.476s] GC(4) Concurrent Cleanup for Next Mark 0.509ms
[2022-03-31T17:54:11.406-0400][1.476s] GC(4) Concurrent Cycle 51.548ms
[2022-03-31T17:54:12.000-0400][2.070s] GC(5) Pause Young (Concurrent Start) (G1 Evacuation Pause)
[2022-03-31T17:54:12.000-0400][2.070s] GC(5) Using 4 workers of 4 for evacuation
[2022-03-31T17:54:12.007-0400][2.078s] GC(5)   Pre Evacuate Collection Set: 0.0ms
[2022-03-31T17:54:12.007-0400][2.078s] GC(5)   Evacuate Collection Set: 6.2ms
[2022-03-31T17:54:12.007-0400][2.078s] GC(5)   Post Evacuate Collection Set: 1.0ms
[2022-03-31T17:54:12.007-0400][2.078s] GC(5)   Other: 0.1ms
[2022-03-31T17:54:12.007-0400][2.078s] GC(5) Eden regions: 53->0(160)
[2022-03-31T17:54:12.007-0400][2.078s] GC(5) Survivor regions: 1->4(7)
[2022-03-31T17:54:12.007-0400][2.078s] GC(5) Old regions: 21->21
[2022-03-31T17:54:12.007-0400][2.078s] GC(5) Humongous regions: 4->4
[2022-03-31T17:54:12.007-0400][2.078s] GC(5) Metaspace: 28092K->28092K(1075200K)
[2022-03-31T17:54:12.007-0400][2.078s] GC(5) Pause Young (Concurrent Start) (G1 Evacuation Pause) 77M->27M(512M) 7.422ms
[2022-03-31T17:54:12.007-0400][2.078s] GC(5) User=0.02s Sys=0.00s Real=0.01s
[2022-03-31T17:54:12.007-0400][2.078s] GC(6) Concurrent Cycle
[2022-03-31T17:54:12.007-0400][2.078s] GC(6) Concurrent Clear Claimed Marks
[2022-03-31T17:54:12.007-0400][2.078s] GC(6) Concurrent Clear Claimed Marks 0.025ms
[2022-03-31T17:54:12.007-0400][2.078s] GC(6) Concurrent Scan Root Regions
[2022-03-31T17:54:12.009-0400][2.080s] GC(6) Concurrent Scan Root Regions 1.957ms
[2022-03-31T17:54:12.009-0400][2.080s] GC(6) Concurrent Mark (2.080s)
[2022-03-31T17:54:12.009-0400][2.080s] GC(6) Concurrent Mark From Roots
[2022-03-31T17:54:12.009-0400][2.080s] GC(6) Using 1 workers of 1 for marking
[2022-03-31T17:54:12.038-0400][2.109s] GC(6) Concurrent Mark From Roots 28.781ms
[2022-03-31T17:54:12.038-0400][2.109s] GC(6) Concurrent Preclean
[2022-03-31T17:54:12.038-0400][2.109s] GC(6) Concurrent Preclean 0.087ms
[2022-03-31T17:54:12.038-0400][2.109s] GC(6) Concurrent Mark (2.080s, 2.109s) 28.911ms
[2022-03-31T17:54:12.039-0400][2.109s] GC(6) Pause Remark
[2022-03-31T17:54:12.040-0400][2.111s] GC(6) Cleaned string and symbol table, strings: 12181 processed, 1 removed, symbols: 85348 processed, 32 removed
[2022-03-31T17:54:12.041-0400][2.111s] GC(6) Pause Remark 28M->28M(512M) 1.935ms
[2022-03-31T17:54:12.041-0400][2.111s] GC(6) User=0.00s Sys=0.00s Real=0.00s
[2022-03-31T17:54:12.041-0400][2.111s] GC(6) Concurrent Rebuild Remembered Sets
[2022-03-31T17:54:12.056-0400][2.126s] GC(6) Concurrent Rebuild Remembered Sets 15.345ms
[2022-03-31T17:54:12.058-0400][2.128s] GC(6) Pause Cleanup
[2022-03-31T17:54:12.058-0400][2.128s] GC(6) Pause Cleanup 29M->29M(512M) 0.091ms
[2022-03-31T17:54:12.058-0400][2.128s] GC(6) User=0.00s Sys=0.00s Real=0.00s
[2022-03-31T17:54:12.058-0400][2.128s] GC(6) Concurrent Cleanup for Next Mark
[2022-03-31T17:54:12.058-0400][2.129s] GC(6) Concurrent Cleanup for Next Mark 0.501ms
[2022-03-31T17:54:12.058-0400][2.129s] GC(6) Concurrent Cycle 51.056ms
[2022-03-31T17:54:13.080-0400][3.151s] GC(7) Pause Young (Normal) (G1 Evacuation Pause)
[2022-03-31T17:54:13.080-0400][3.151s] GC(7) Using 4 workers of 4 for evacuation
[2022-03-31T17:54:13.105-0400][3.175s] GC(7)   Pre Evacuate Collection Set: 0.0ms
[2022-03-31T17:54:13.105-0400][3.175s] GC(7)   Evacuate Collection Set: 11.3ms
[2022-03-31T17:54:13.105-0400][3.175s] GC(7)   Post Evacuate Collection Set: 13.0ms
[2022-03-31T17:54:13.105-0400][3.175s] GC(7)   Other: 0.1ms
[2022-03-31T17:54:13.105-0400][3.175s] GC(7) Eden regions: 160->0(222)
[2022-03-31T17:54:13.105-0400][3.175s] GC(7) Survivor regions: 4->9(21)
[2022-03-31T17:54:13.105-0400][3.175s] GC(7) Old regions: 21->21
[2022-03-31T17:54:13.105-0400][3.175s] GC(7) Humongous regions: 5->4
[2022-03-31T17:54:13.105-0400][3.175s] GC(7) Metaspace: 40114K->40114K(1085440K)
[2022-03-31T17:54:13.105-0400][3.175s] GC(7) Pause Young (Normal) (G1 Evacuation Pause) 188M->32M(512M) 24.566ms
[2022-03-31T17:54:13.105-0400][3.175s] GC(7) User=0.07s Sys=0.01s Real=0.03s
[2022-03-31T17:56:28.322-0400][138.392s] GC(8) Pause Young (Concurrent Start) (Metadata GC Threshold)
[2022-03-31T17:56:28.322-0400][138.392s] GC(8) Using 4 workers of 4 for evacuation
[2022-03-31T17:56:28.337-0400][138.408s] GC(8)   Pre Evacuate Collection Set: 0.1ms
[2022-03-31T17:56:28.337-0400][138.408s] GC(8)   Evacuate Collection Set: 15.0ms
[2022-03-31T17:56:28.337-0400][138.408s] GC(8)   Post Evacuate Collection Set: 0.5ms
[2022-03-31T17:56:28.337-0400][138.408s] GC(8)   Other: 0.1ms
[2022-03-31T17:56:28.337-0400][138.408s] GC(8) Eden regions: 102->0(232)
[2022-03-31T17:56:28.337-0400][138.408s] GC(8) Survivor regions: 9->15(29)
[2022-03-31T17:56:28.337-0400][138.408s] GC(8) Old regions: 21->21
[2022-03-31T17:56:28.337-0400][138.408s] GC(8) Humongous regions: 4->4
[2022-03-31T17:56:28.337-0400][138.408s] GC(8) Metaspace: 47858K->47858K(1091584K)
[2022-03-31T17:56:28.337-0400][138.408s] GC(8) Pause Young (Concurrent Start) (Metadata GC Threshold) 133M->38M(512M) 15.773ms
[2022-03-31T17:56:28.337-0400][138.408s] GC(8) User=0.03s Sys=0.00s Real=0.01s
[2022-03-31T17:56:28.337-0400][138.408s] GC(9) Concurrent Cycle
[2022-03-31T17:56:28.338-0400][138.408s] GC(9) Concurrent Clear Claimed Marks
[2022-03-31T17:56:28.338-0400][138.408s] GC(9) Concurrent Clear Claimed Marks 0.058ms
[2022-03-31T17:56:28.338-0400][138.408s] GC(9) Concurrent Scan Root Regions
[2022-03-31T17:56:28.345-0400][138.415s] GC(9) Concurrent Scan Root Regions 7.359ms
[2022-03-31T17:56:28.345-0400][138.415s] GC(9) Concurrent Mark (138.415s)
[2022-03-31T17:56:28.345-0400][138.415s] GC(9) Concurrent Mark From Roots
[2022-03-31T17:56:28.345-0400][138.415s] GC(9) Using 1 workers of 1 for marking
[2022-03-31T17:56:28.380-0400][138.450s] GC(9) Concurrent Mark From Roots 34.963ms
[2022-03-31T17:56:28.380-0400][138.450s] GC(9) Concurrent Preclean
[2022-03-31T17:56:28.380-0400][138.450s] GC(9) Concurrent Preclean 0.078ms
[2022-03-31T17:56:28.380-0400][138.451s] GC(9) Concurrent Mark (138.415s, 138.451s) 35.098ms
[2022-03-31T17:56:28.380-0400][138.451s] GC(9) Pause Remark
[2022-03-31T17:56:28.388-0400][138.458s] GC(9) Cleaned string and symbol table, strings: 22809 processed, 0 removed, symbols: 138927 processed, 586 removed
[2022-03-31T17:56:28.388-0400][138.459s] GC(9) Pause Remark 41M->41M(512M) 7.987ms
[2022-03-31T17:56:28.388-0400][138.459s] GC(9) User=0.03s Sys=0.00s Real=0.01s
[2022-03-31T17:56:28.388-0400][138.459s] GC(9) Concurrent Rebuild Remembered Sets
[2022-03-31T17:56:28.408-0400][138.478s] GC(9) Concurrent Rebuild Remembered Sets 19.796ms
[2022-03-31T17:56:28.408-0400][138.479s] GC(9) Pause Cleanup
[2022-03-31T17:56:28.408-0400][138.479s] GC(9) Pause Cleanup 41M->41M(512M) 0.091ms
[2022-03-31T17:56:28.408-0400][138.479s] GC(9) User=0.00s Sys=0.00s Real=0.00s
[2022-03-31T17:56:28.408-0400][138.479s] GC(9) Concurrent Cleanup for Next Mark
[2022-03-31T17:56:28.409-0400][138.479s] GC(9) Concurrent Cleanup for Next Mark 0.516ms
[2022-03-31T17:56:28.409-0400][138.479s] GC(9) Concurrent Cycle 71.324ms
[2022-04-01T00:22:13.604-0400][23283.674s] GC(10) Pause Young (Concurrent Start) (G1 Evacuation Pause)
[2022-04-01T00:22:13.604-0400][23283.674s] GC(10) Using 4 workers of 4 for evacuation
[2022-04-01T00:22:13.623-0400][23283.694s] GC(10)   Pre Evacuate Collection Set: 0.2ms
[2022-04-01T00:22:13.623-0400][23283.694s] GC(10)   Evacuate Collection Set: 17.8ms
[2022-04-01T00:22:13.623-0400][23283.694s] GC(10)   Post Evacuate Collection Set: 1.3ms
[2022-04-01T00:22:13.623-0400][23283.694s] GC(10)   Other: 0.4ms
[2022-04-01T00:22:13.623-0400][23283.694s] GC(10) Eden regions: 241->0(290)
[2022-04-01T00:22:13.623-0400][23283.694s] GC(10) Survivor regions: 15->17(32)
[2022-04-01T00:22:13.623-0400][23283.694s] GC(10) Old regions: 21->21
[2022-04-01T00:22:13.623-0400][23283.694s] GC(10) Humongous regions: 7->7
[2022-04-01T00:22:13.623-0400][23283.694s] GC(10) Metaspace: 52060K->52060K(1095680K)
[2022-04-01T00:22:13.623-0400][23283.694s] GC(10) Pause Young (Concurrent Start) (G1 Evacuation Pause) 282M->43M(512M) 19.678ms
[2022-04-01T00:22:13.623-0400][23283.694s] GC(10) User=0.06s Sys=0.00s Real=0.02s
[2022-04-01T00:22:13.623-0400][23283.694s] GC(11) Concurrent Cycle
[2022-04-01T00:22:13.623-0400][23283.694s] GC(11) Concurrent Clear Claimed Marks
[2022-04-01T00:22:13.623-0400][23283.694s] GC(11) Concurrent Clear Claimed Marks 0.084ms
[2022-04-01T00:22:13.623-0400][23283.694s] GC(11) Concurrent Scan Root Regions
[2022-04-01T00:22:13.631-0400][23283.702s] GC(11) Concurrent Scan Root Regions 7.561ms
[2022-04-01T00:22:13.631-0400][23283.702s] GC(11) Concurrent Mark (23283.702s)
[2022-04-01T00:22:13.631-0400][23283.702s] GC(11) Concurrent Mark From Roots
[2022-04-01T00:22:13.631-0400][23283.702s] GC(11) Using 1 workers of 1 for marking
[2022-04-01T00:22:13.654-0400][23283.725s] GC(11) Concurrent Mark From Roots 23.391ms
[2022-04-01T00:22:13.655-0400][23283.725s] GC(11) Concurrent Preclean
[2022-04-01T00:22:13.655-0400][23283.725s] GC(11) Concurrent Preclean 0.198ms
[2022-04-01T00:22:13.655-0400][23283.725s] GC(11) Concurrent Mark (23283.702s, 23283.725s) 23.649ms
[2022-04-01T00:22:13.655-0400][23283.725s] GC(11) Pause Remark
[2022-04-01T00:22:13.662-0400][23283.732s] GC(11) Cleaned string and symbol table, strings: 23915 processed, 944 removed, symbols: 143757 processed, 1 removed
[2022-04-01T00:22:13.662-0400][23283.733s] GC(11) Pause Remark 44M->44M(512M) 7.420ms
[2022-04-01T00:22:13.662-0400][23283.733s] GC(11) User=0.02s Sys=0.00s Real=0.01s
[2022-04-01T00:22:13.662-0400][23283.733s] GC(11) Concurrent Rebuild Remembered Sets
[2022-04-01T00:22:13.675-0400][23283.746s] GC(11) Concurrent Rebuild Remembered Sets 13.097ms
[2022-04-01T00:22:13.676-0400][23283.746s] GC(11) Pause Cleanup
[2022-04-01T00:22:13.676-0400][23283.746s] GC(11) Pause Cleanup 44M->44M(512M) 0.109ms
[2022-04-01T00:22:13.676-0400][23283.746s] GC(11) User=0.00s Sys=0.00s Real=0.00s
[2022-04-01T00:22:13.676-0400][23283.746s] GC(11) Concurrent Cleanup for Next Mark
[2022-04-01T00:22:13.676-0400][23283.747s] GC(11) Concurrent Cleanup for Next Mark 0.480ms
[2022-04-01T00:22:13.676-0400][23283.747s] GC(11) Concurrent Cycle 52.977ms
[2022-04-01T08:52:03.102-0400][53873.173s] GC(12) Pause Young (Normal) (G1 Evacuation Pause)
[2022-04-01T08:52:03.102-0400][53873.173s] GC(12) Using 4 workers of 4 for evacuation
[2022-04-01T08:52:03.123-0400][53873.194s] GC(12)   Pre Evacuate Collection Set: 0.0ms
[2022-04-01T08:52:03.123-0400][53873.194s] GC(12)   Evacuate Collection Set: 20.0ms
[2022-04-01T08:52:03.123-0400][53873.194s] GC(12)   Post Evacuate Collection Set: 1.0ms
[2022-04-01T08:52:03.123-0400][53873.194s] GC(12)   Other: 0.2ms
[2022-04-01T08:52:03.123-0400][53873.194s] GC(12) Eden regions: 290->0(291)
[2022-04-01T08:52:03.123-0400][53873.194s] GC(12) Survivor regions: 17->16(39)
[2022-04-01T08:52:03.123-0400][53873.194s] GC(12) Old regions: 21->21
[2022-04-01T08:52:03.123-0400][53873.194s] GC(12) Humongous regions: 7->7
[2022-04-01T08:52:03.123-0400][53873.194s] GC(12) Metaspace: 52872K->52872K(1097728K)
[2022-04-01T08:52:03.124-0400][53873.194s] GC(12) Pause Young (Normal) (G1 Evacuation Pause) 333M->42M(512M) 21.264ms
[2022-04-01T08:52:03.124-0400][53873.194s] GC(12) User=0.06s Sys=0.01s Real=0.02s
[2022-04-01T17:51:45.069-0400][86255.140s] GC(13) Pause Young (Normal) (G1 Evacuation Pause)
[2022-04-01T17:51:45.069-0400][86255.140s] GC(13) Using 4 workers of 4 for evacuation
[2022-04-01T17:51:45.085-0400][86255.155s] GC(13)   Pre Evacuate Collection Set: 0.0ms
[2022-04-01T17:51:45.085-0400][86255.155s] GC(13)   Evacuate Collection Set: 13.5ms
[2022-04-01T17:51:45.085-0400][86255.155s] GC(13)   Post Evacuate Collection Set: 1.7ms
[2022-04-01T17:51:45.085-0400][86255.155s] GC(13)   Other: 0.3ms
[2022-04-01T17:51:45.085-0400][86255.155s] GC(13) Eden regions: 291->0(291)
[2022-04-01T17:51:45.085-0400][86255.155s] GC(13) Survivor regions: 16->16(39)
[2022-04-01T17:51:45.085-0400][86255.155s] GC(13) Old regions: 21->21
[2022-04-01T17:51:45.085-0400][86255.155s] GC(13) Humongous regions: 7->7
[2022-04-01T17:51:45.085-0400][86255.155s] GC(13) Metaspace: 53408K->53408K(1097728K)
[2022-04-01T17:51:45.085-0400][86255.155s] GC(13) Pause Young (Normal) (G1 Evacuation Pause) 333M->42M(512M) 15.600ms
[2022-04-01T17:51:45.085-0400][86255.155s] GC(13) User=0.04s Sys=0.00s Real=0.02s
[2022-04-02T05:37:18.639-0400][128588.709s] GC(14) Pause Young (Normal) (G1 Evacuation Pause)
[2022-04-02T05:37:18.639-0400][128588.709s] GC(14) Using 4 workers of 4 for evacuation
[2022-04-02T05:37:18.652-0400][128588.723s] GC(14)   Pre Evacuate Collection Set: 0.0ms
[2022-04-02T05:37:18.652-0400][128588.723s] GC(14)   Evacuate Collection Set: 12.6ms
[2022-04-02T05:37:18.652-0400][128588.723s] GC(14)   Post Evacuate Collection Set: 0.6ms
[2022-04-02T05:37:18.652-0400][128588.723s] GC(14)   Other: 0.3ms
[2022-04-02T05:37:18.652-0400][128588.723s] GC(14) Eden regions: 291->0(292)
[2022-04-02T05:37:18.652-0400][128588.723s] GC(14) Survivor regions: 16->15(39)
[2022-04-02T05:37:18.652-0400][128588.723s] GC(14) Old regions: 21->21
[2022-04-02T05:37:18.652-0400][128588.723s] GC(14) Humongous regions: 7->7
[2022-04-02T05:37:18.652-0400][128588.723s] GC(14) Metaspace: 53409K->53409K(1097728K)
[2022-04-02T05:37:18.652-0400][128588.723s] GC(14) Pause Young (Normal) (G1 Evacuation Pause) 333M->41M(512M) 13.630ms
[2022-04-02T05:37:18.652-0400][128588.723s] GC(14) User=0.04s Sys=0.00s Real=0.01s
[2022-04-02T17:24:20.636-0400][171010.706s] GC(15) Pause Young (Normal) (G1 Evacuation Pause)
[2022-04-02T17:24:20.636-0400][171010.706s] GC(15) Using 4 workers of 4 for evacuation
[2022-04-02T17:24:20.648-0400][171010.718s] GC(15)   Pre Evacuate Collection Set: 0.0ms
[2022-04-02T17:24:20.648-0400][171010.718s] GC(15)   Evacuate Collection Set: 10.8ms
[2022-04-02T17:24:20.648-0400][171010.718s] GC(15)   Post Evacuate Collection Set: 1.3ms
[2022-04-02T17:24:20.648-0400][171010.718s] GC(15)   Other: 0.3ms
[2022-04-02T17:24:20.648-0400][171010.718s] GC(15) Eden regions: 292->0(291)
[2022-04-02T17:24:20.648-0400][171010.718s] GC(15) Survivor regions: 15->16(39)
[2022-04-02T17:24:20.648-0400][171010.718s] GC(15) Old regions: 21->21
[2022-04-02T17:24:20.648-0400][171010.719s] GC(15) Humongous regions: 7->7
[2022-04-02T17:24:20.648-0400][171010.719s] GC(15) Metaspace: 53477K->53477K(1097728K)
[2022-04-02T17:24:20.648-0400][171010.719s] GC(15) Pause Young (Normal) (G1 Evacuation Pause) 333M->42M(512M) 12.458ms
[2022-04-02T17:24:20.648-0400][171010.719s] GC(15) User=0.05s Sys=0.00s Real=0.01s
[2022-04-03T05:13:47.439-0400][213577.510s] GC(16) Pause Young (Normal) (G1 Evacuation Pause)
[2022-04-03T05:13:47.439-0400][213577.510s] GC(16) Using 4 workers of 4 for evacuation
[2022-04-03T05:13:47.452-0400][213577.522s] GC(16)   Pre Evacuate Collection Set: 0.0ms
[2022-04-03T05:13:47.452-0400][213577.522s] GC(16)   Evacuate Collection Set: 11.3ms
[2022-04-03T05:13:47.452-0400][213577.522s] GC(16)   Post Evacuate Collection Set: 0.6ms
[2022-04-03T05:13:47.452-0400][213577.522s] GC(16)   Other: 0.3ms
[2022-04-03T05:13:47.452-0400][213577.522s] GC(16) Eden regions: 291->0(292)
[2022-04-03T05:13:47.452-0400][213577.522s] GC(16) Survivor regions: 16->15(39)
[2022-04-03T05:13:47.452-0400][213577.522s] GC(16) Old regions: 21->21
[2022-04-03T05:13:47.452-0400][213577.522s] GC(16) Humongous regions: 7->7
[2022-04-03T05:13:47.452-0400][213577.522s] GC(16) Metaspace: 53477K->53477K(1097728K)
[2022-04-03T05:13:47.452-0400][213577.522s] GC(16) Pause Young (Normal) (G1 Evacuation Pause) 333M->41M(512M) 12.305ms
[2022-04-03T05:13:47.452-0400][213577.522s] GC(16) User=0.05s Sys=0.00s Real=0.01s
[2022-04-03T17:04:24.555-0400][256214.625s] GC(17) Pause Young (Normal) (G1 Evacuation Pause)
[2022-04-03T17:04:24.555-0400][256214.625s] GC(17) Using 4 workers of 4 for evacuation
[2022-04-03T17:04:24.584-0400][256214.654s] GC(17)   Pre Evacuate Collection Set: 0.0ms
[2022-04-03T17:04:24.584-0400][256214.655s] GC(17)   Evacuate Collection Set: 26.0ms
[2022-04-03T17:04:24.584-0400][256214.655s] GC(17)   Post Evacuate Collection Set: 2.8ms
[2022-04-03T17:04:24.584-0400][256214.655s] GC(17)   Other: 0.3ms
[2022-04-03T17:04:24.584-0400][256214.655s] GC(17) Eden regions: 292->0(292)
[2022-04-03T17:04:24.584-0400][256214.655s] GC(17) Survivor regions: 15->15(39)
[2022-04-03T17:04:24.584-0400][256214.655s] GC(17) Old regions: 21->21
[2022-04-03T17:04:24.584-0400][256214.655s] GC(17) Humongous regions: 7->7
[2022-04-03T17:04:24.584-0400][256214.655s] GC(17) Metaspace: 53526K->53526K(1097728K)
[2022-04-03T17:04:24.584-0400][256214.655s] GC(17) Pause Young (Normal) (G1 Evacuation Pause) 333M->41M(512M) 29.344ms
[2022-04-03T17:04:24.584-0400][256214.655s] GC(17) User=0.10s Sys=0.00s Real=0.03s
[2022-04-04T04:57:23.307-0400][298993.377s] GC(18) Pause Young (Normal) (G1 Evacuation Pause)
[2022-04-04T04:57:23.307-0400][298993.377s] GC(18) Using 4 workers of 4 for evacuation
[2022-04-04T04:57:23.319-0400][298993.389s] GC(18)   Pre Evacuate Collection Set: 0.0ms
[2022-04-04T04:57:23.319-0400][298993.389s] GC(18)   Evacuate Collection Set: 11.3ms
[2022-04-04T04:57:23.319-0400][298993.390s] GC(18)   Post Evacuate Collection Set: 0.6ms
[2022-04-04T04:57:23.319-0400][298993.390s] GC(18)   Other: 0.3ms
[2022-04-04T04:57:23.319-0400][298993.390s] GC(18) Eden regions: 292->0(291)
[2022-04-04T04:57:23.319-0400][298993.390s] GC(18) Survivor regions: 15->16(39)
[2022-04-04T04:57:23.319-0400][298993.390s] GC(18) Old regions: 21->21
[2022-04-04T04:57:23.319-0400][298993.390s] GC(18) Humongous regions: 7->7
[2022-04-04T04:57:23.319-0400][298993.390s] GC(18) Metaspace: 53526K->53526K(1097728K)
[2022-04-04T04:57:23.319-0400][298993.390s] GC(18) Pause Young (Normal) (G1 Evacuation Pause) 333M->42M(512M) 12.270ms
[2022-04-04T04:57:23.319-0400][298993.390s] GC(18) User=0.04s Sys=0.00s Real=0.01s
[2022-04-04T16:45:28.468-0400][341478.539s] GC(19) Pause Young (Normal) (G1 Evacuation Pause)
[2022-04-04T16:45:28.468-0400][341478.539s] GC(19) Using 4 workers of 4 for evacuation
[2022-04-04T16:45:28.482-0400][341478.552s] GC(19)   Pre Evacuate Collection Set: 0.0ms
[2022-04-04T16:45:28.482-0400][341478.552s] GC(19)   Evacuate Collection Set: 11.9ms
[2022-04-04T16:45:28.482-0400][341478.552s] GC(19)   Post Evacuate Collection Set: 1.3ms
[2022-04-04T16:45:28.482-0400][341478.552s] GC(19)   Other: 0.3ms
[2022-04-04T16:45:28.482-0400][341478.552s] GC(19) Eden regions: 291->0(292)
[2022-04-04T16:45:28.482-0400][341478.552s] GC(19) Survivor regions: 16->15(39)
[2022-04-04T16:45:28.482-0400][341478.552s] GC(19) Old regions: 21->21
[2022-04-04T16:45:28.482-0400][341478.552s] GC(19) Humongous regions: 7->7
[2022-04-04T16:45:28.482-0400][341478.552s] GC(19) Metaspace: 53539K->53539K(1097728K)
[2022-04-04T16:45:28.482-0400][341478.552s] GC(19) Pause Young (Normal) (G1 Evacuation Pause) 333M->41M(512M) 13.513ms
[2022-04-04T16:45:28.482-0400][341478.552s] GC(19) User=0.05s Sys=0.00s Real=0.02s
[2022-04-05T04:38:30.413-0400][384260.483s] GC(20) Pause Young (Normal) (G1 Evacuation Pause)
[2022-04-05T04:38:30.413-0400][384260.483s] GC(20) Using 4 workers of 4 for evacuation
[2022-04-05T04:38:30.426-0400][384260.497s] GC(20)   Pre Evacuate Collection Set: 0.0ms
[2022-04-05T04:38:30.426-0400][384260.497s] GC(20)   Evacuate Collection Set: 11.8ms
[2022-04-05T04:38:30.426-0400][384260.497s] GC(20)   Post Evacuate Collection Set: 1.2ms
[2022-04-05T04:38:30.426-0400][384260.497s] GC(20)   Other: 0.3ms
[2022-04-05T04:38:30.426-0400][384260.497s] GC(20) Eden regions: 292->0(291)
[2022-04-05T04:38:30.426-0400][384260.497s] GC(20) Survivor regions: 15->16(39)
[2022-04-05T04:38:30.426-0400][384260.497s] GC(20) Old regions: 21->21
[2022-04-05T04:38:30.426-0400][384260.497s] GC(20) Humongous regions: 7->7
[2022-04-05T04:38:30.426-0400][384260.497s] GC(20) Metaspace: 53539K->53539K(1097728K)
[2022-04-05T04:38:30.426-0400][384260.497s] GC(20) Pause Young (Normal) (G1 Evacuation Pause) 333M->42M(512M) 13.322ms
[2022-04-05T04:38:30.426-0400][384260.497s] GC(20) User=0.05s Sys=0.00s Real=0.02s
