[2022-03-31T16:04:24.550-0400][0.024s] Heap region size: 1M
[2022-03-31T16:04:24.564-0400][0.038s] Using G1
[2022-03-31T16:04:24.564-0400][0.038s] Heap address: 0x00000000e0000000, size: 512 MB, Compressed Oops mode: 32-bit
[2022-03-31T16:04:24.565-0400][0.038s] Mark closed archive regions in map: [0x00000000fff00000, 0x00000000fff6aff8]
[2022-03-31T16:04:24.565-0400][0.038s] Mark open archive regions in map: [0x00000000ffe00000, 0x00000000ffe46ff8]
[2022-03-31T16:04:25.000-0400][0.474s] GC(0) Pause Young (Normal) (G1 Evacuation Pause)
[2022-03-31T16:04:25.000-0400][0.474s] GC(0) Using 4 workers of 4 for evacuation
[2022-03-31T16:04:25.015-0400][0.489s] GC(0)   Pre Evacuate Collection Set: 0.0ms
[2022-03-31T16:04:25.015-0400][0.489s] GC(0)   Evacuate Collection Set: 12.7ms
[2022-03-31T16:04:25.015-0400][0.489s] GC(0)   Post Evacuate Collection Set: 2.3ms
[2022-03-31T16:04:25.015-0400][0.489s] GC(0)   Other: 0.4ms
[2022-03-31T16:04:25.015-0400][0.489s] GC(0) Eden regions: 25->0(304)
[2022-03-31T16:04:25.015-0400][0.489s] GC(0) Survivor regions: 0->3(4)
[2022-03-31T16:04:25.015-0400][0.489s] GC(0) Old regions: 2->2
[2022-03-31T16:04:25.015-0400][0.489s] GC(0) Humongous regions: 0->0
[2022-03-31T16:04:25.015-0400][0.489s] GC(0) Metaspace: 6637K->6637K(1056768K)
[2022-03-31T16:04:25.015-0400][0.489s] GC(0) Pause Young (Normal) (G1 Evacuation Pause) 25M->3M(512M) 15.503ms
[2022-03-31T16:04:25.015-0400][0.489s] GC(0) User=0.06s Sys=0.00s Real=0.02s
[2022-03-31T16:04:25.484-0400][0.958s] GC(1) Pause Young (Normal) (G1 Evacuation Pause)
[2022-03-31T16:04:25.484-0400][0.958s] GC(1) Using 4 workers of 4 for evacuation
[2022-03-31T16:04:25.500-0400][0.974s] GC(1)   Pre Evacuate Collection Set: 0.0ms
[2022-03-31T16:04:25.500-0400][0.974s] GC(1)   Evacuate Collection Set: 14.8ms
[2022-03-31T16:04:25.500-0400][0.974s] GC(1)   Post Evacuate Collection Set: 1.1ms
[2022-03-31T16:04:25.500-0400][0.974s] GC(1)   Other: 0.1ms
[2022-03-31T16:04:25.500-0400][0.974s] GC(1) Eden regions: 34->0(39)
[2022-03-31T16:04:25.500-0400][0.974s] GC(1) Survivor regions: 3->5(5)
[2022-03-31T16:04:25.500-0400][0.974s] GC(1) Old regions: 2->9
[2022-03-31T16:04:25.500-0400][0.974s] GC(1) Humongous regions: 4->4
[2022-03-31T16:04:25.500-0400][0.974s] GC(1) Metaspace: 15311K->15311K(1062912K)
[2022-03-31T16:04:25.500-0400][0.974s] GC(1) Pause Young (Normal) (G1 Evacuation Pause) 41M->16M(512M) 16.007ms
[2022-03-31T16:04:25.500-0400][0.974s] GC(1) User=0.05s Sys=0.01s Real=0.01s
[2022-03-31T16:04:25.809-0400][1.283s] GC(2) Pause Young (Normal) (G1 Evacuation Pause)
[2022-03-31T16:04:25.809-0400][1.283s] GC(2) Using 4 workers of 4 for evacuation
[2022-03-31T16:04:25.822-0400][1.296s] GC(2)   Pre Evacuate Collection Set: 0.0ms
[2022-03-31T16:04:25.822-0400][1.296s] GC(2)   Evacuate Collection Set: 9.2ms
[2022-03-31T16:04:25.822-0400][1.296s] GC(2)   Post Evacuate Collection Set: 3.4ms
[2022-03-31T16:04:25.822-0400][1.296s] GC(2)   Other: 0.1ms
[2022-03-31T16:04:25.822-0400][1.296s] GC(2) Eden regions: 37->0(47)
[2022-03-31T16:04:25.822-0400][1.296s] GC(2) Survivor regions: 5->6(6)
[2022-03-31T16:04:25.822-0400][1.296s] GC(2) Old regions: 9->15
[2022-03-31T16:04:25.822-0400][1.296s] GC(2) Humongous regions: 4->4
[2022-03-31T16:04:25.822-0400][1.296s] GC(2) Metaspace: 18938K->18938K(1067008K)
[2022-03-31T16:04:25.822-0400][1.296s] GC(2) Pause Young (Normal) (G1 Evacuation Pause) 53M->23M(512M) 12.798ms
[2022-03-31T16:04:25.822-0400][1.296s] GC(2) User=0.03s Sys=0.01s Real=0.02s
[2022-03-31T16:04:25.896-0400][1.370s] GC(3) Pause Young (Concurrent Start) (Metadata GC Threshold)
[2022-03-31T16:04:25.896-0400][1.370s] GC(3) Using 4 workers of 4 for evacuation
[2022-03-31T16:04:25.901-0400][1.375s] GC(3)   Pre Evacuate Collection Set: 0.0ms
[2022-03-31T16:04:25.901-0400][1.375s] GC(3)   Evacuate Collection Set: 4.5ms
[2022-03-31T16:04:25.901-0400][1.375s] GC(3)   Post Evacuate Collection Set: 0.3ms
[2022-03-31T16:04:25.901-0400][1.375s] GC(3)   Other: 0.1ms
[2022-03-31T16:04:25.901-0400][1.375s] GC(3) Eden regions: 16->0(51)
[2022-03-31T16:04:25.901-0400][1.375s] GC(3) Survivor regions: 6->1(7)
[2022-03-31T16:04:25.901-0400][1.375s] GC(3) Old regions: 15->22
[2022-03-31T16:04:25.901-0400][1.375s] GC(3) Humongous regions: 4->4
[2022-03-31T16:04:25.901-0400][1.375s] GC(3) Metaspace: 20547K->20547K(1069056K)
[2022-03-31T16:04:25.901-0400][1.375s] GC(3) Pause Young (Concurrent Start) (Metadata GC Threshold) 38M->24M(512M) 4.997ms
[2022-03-31T16:04:25.901-0400][1.375s] GC(3) User=0.01s Sys=0.01s Real=0.00s
[2022-03-31T16:04:25.901-0400][1.375s] GC(4) Concurrent Cycle
[2022-03-31T16:04:25.901-0400][1.375s] GC(4) Concurrent Clear Claimed Marks
[2022-03-31T16:04:25.901-0400][1.375s] GC(4) Concurrent Clear Claimed Marks 0.019ms
[2022-03-31T16:04:25.901-0400][1.375s] GC(4) Concurrent Scan Root Regions
[2022-03-31T16:04:25.901-0400][1.375s] GC(4) Concurrent Scan Root Regions 0.296ms
[2022-03-31T16:04:25.901-0400][1.375s] GC(4) Concurrent Mark (1.375s)
[2022-03-31T16:04:25.901-0400][1.375s] GC(4) Concurrent Mark From Roots
[2022-03-31T16:04:25.902-0400][1.375s] GC(4) Using 1 workers of 1 for marking
[2022-03-31T16:04:25.933-0400][1.407s] GC(4) Concurrent Mark From Roots 31.344ms
[2022-03-31T16:04:25.933-0400][1.407s] GC(4) Concurrent Preclean
[2022-03-31T16:04:25.933-0400][1.407s] GC(4) Concurrent Preclean 0.114ms
[2022-03-31T16:04:25.933-0400][1.407s] GC(4) Concurrent Mark (1.375s, 1.407s) 31.499ms
[2022-03-31T16:04:25.933-0400][1.407s] GC(4) Pause Remark
[2022-03-31T16:04:25.939-0400][1.413s] GC(4) Cleaned string and symbol table, strings: 8809 processed, 25 removed, symbols: 64078 processed, 34 removed
[2022-03-31T16:04:25.940-0400][1.413s] GC(4) Pause Remark 28M->28M(512M) 6.342ms
[2022-03-31T16:04:25.940-0400][1.413s] GC(4) User=0.02s Sys=0.00s Real=0.01s
[2022-03-31T16:04:25.940-0400][1.413s] GC(4) Concurrent Rebuild Remembered Sets
[2022-03-31T16:04:25.955-0400][1.429s] GC(4) Concurrent Rebuild Remembered Sets 15.231ms
[2022-03-31T16:04:25.955-0400][1.429s] GC(4) Pause Cleanup
[2022-03-31T16:04:25.955-0400][1.429s] GC(4) Pause Cleanup 29M->29M(512M) 0.091ms
[2022-03-31T16:04:25.955-0400][1.429s] GC(4) User=0.00s Sys=0.00s Real=0.00s
[2022-03-31T16:04:25.955-0400][1.429s] GC(4) Concurrent Cleanup for Next Mark
[2022-03-31T16:04:25.956-0400][1.429s] GC(4) Concurrent Cleanup for Next Mark 0.490ms
[2022-03-31T16:04:25.956-0400][1.429s] GC(4) Concurrent Cycle 54.616ms
[2022-03-31T16:04:26.510-0400][1.983s] GC(5) Pause Young (Concurrent Start) (G1 Evacuation Pause)
[2022-03-31T16:04:26.510-0400][1.983s] GC(5) Using 4 workers of 4 for evacuation
[2022-03-31T16:04:26.521-0400][1.994s] GC(5)   Pre Evacuate Collection Set: 0.0ms
[2022-03-31T16:04:26.521-0400][1.994s] GC(5)   Evacuate Collection Set: 9.0ms
[2022-03-31T16:04:26.521-0400][1.994s] GC(5)   Post Evacuate Collection Set: 1.9ms
[2022-03-31T16:04:26.521-0400][1.994s] GC(5)   Other: 0.1ms
[2022-03-31T16:04:26.521-0400][1.994s] GC(5) Eden regions: 51->0(155)
[2022-03-31T16:04:26.521-0400][1.994s] GC(5) Survivor regions: 1->4(7)
[2022-03-31T16:04:26.521-0400][1.994s] GC(5) Old regions: 22->22
[2022-03-31T16:04:26.521-0400][1.994s] GC(5) Humongous regions: 4->4
[2022-03-31T16:04:26.521-0400][1.994s] GC(5) Metaspace: 27745K->27745K(1075200K)
[2022-03-31T16:04:26.521-0400][1.994s] GC(5) Pause Young (Concurrent Start) (G1 Evacuation Pause) 75M->27M(512M) 11.143ms
[2022-03-31T16:04:26.521-0400][1.994s] GC(5) User=0.04s Sys=0.00s Real=0.01s
[2022-03-31T16:04:26.521-0400][1.995s] GC(6) Concurrent Cycle
[2022-03-31T16:04:26.521-0400][1.995s] GC(6) Concurrent Clear Claimed Marks
[2022-03-31T16:04:26.521-0400][1.995s] GC(6) Concurrent Clear Claimed Marks 0.033ms
[2022-03-31T16:04:26.521-0400][1.995s] GC(6) Concurrent Scan Root Regions
[2022-03-31T16:04:26.523-0400][1.997s] GC(6) Concurrent Scan Root Regions 1.921ms
[2022-03-31T16:04:26.523-0400][1.997s] GC(6) Concurrent Mark (1.997s)
[2022-03-31T16:04:26.523-0400][1.997s] GC(6) Concurrent Mark From Roots
[2022-03-31T16:04:26.523-0400][1.997s] GC(6) Using 1 workers of 1 for marking
[2022-03-31T16:04:26.548-0400][2.022s] GC(6) Concurrent Mark From Roots 25.551ms
[2022-03-31T16:04:26.548-0400][2.022s] GC(6) Concurrent Preclean
[2022-03-31T16:04:26.549-0400][2.022s] GC(6) Concurrent Preclean 0.100ms
[2022-03-31T16:04:26.549-0400][2.022s] GC(6) Concurrent Mark (1.997s, 2.022s) 25.699ms
[2022-03-31T16:04:26.552-0400][2.025s] GC(6) Pause Remark
[2022-03-31T16:04:26.555-0400][2.029s] GC(6) Cleaned string and symbol table, strings: 11998 processed, 1 removed, symbols: 83193 processed, 29 removed
[2022-03-31T16:04:26.555-0400][2.029s] GC(6) Pause Remark 29M->29M(512M) 3.748ms
[2022-03-31T16:04:26.555-0400][2.029s] GC(6) User=0.01s Sys=0.00s Real=0.01s
[2022-03-31T16:04:26.555-0400][2.029s] GC(6) Concurrent Rebuild Remembered Sets
[2022-03-31T16:04:26.570-0400][2.043s] GC(6) Concurrent Rebuild Remembered Sets 14.266ms
[2022-03-31T16:04:26.570-0400][2.043s] GC(6) Pause Cleanup
[2022-03-31T16:04:26.570-0400][2.044s] GC(6) Pause Cleanup 29M->29M(512M) 0.078ms
[2022-03-31T16:04:26.570-0400][2.044s] GC(6) User=0.00s Sys=0.00s Real=0.00s
[2022-03-31T16:04:26.570-0400][2.044s] GC(6) Concurrent Cleanup for Next Mark
[2022-03-31T16:04:26.570-0400][2.044s] GC(6) Concurrent Cleanup for Next Mark 0.476ms
[2022-03-31T16:04:26.570-0400][2.044s] GC(6) Concurrent Cycle 49.558ms
[2022-03-31T16:04:27.594-0400][3.067s] GC(7) Pause Young (Normal) (G1 Evacuation Pause)
[2022-03-31T16:04:27.594-0400][3.067s] GC(7) Using 4 workers of 4 for evacuation
[2022-03-31T16:04:27.606-0400][3.080s] GC(7)   Pre Evacuate Collection Set: 0.0ms
[2022-03-31T16:04:27.606-0400][3.080s] GC(7)   Evacuate Collection Set: 10.4ms
[2022-03-31T16:04:27.606-0400][3.080s] GC(7)   Post Evacuate Collection Set: 1.8ms
[2022-03-31T16:04:27.606-0400][3.080s] GC(7)   Other: 0.1ms
[2022-03-31T16:04:27.606-0400][3.080s] GC(7) Eden regions: 155->0(254)
[2022-03-31T16:04:27.606-0400][3.080s] GC(7) Survivor regions: 4->9(20)
[2022-03-31T16:04:27.606-0400][3.080s] GC(7) Old regions: 22->22
[2022-03-31T16:04:27.606-0400][3.080s] GC(7) Humongous regions: 5->4
[2022-03-31T16:04:27.606-0400][3.080s] GC(7) Metaspace: 39982K->39982K(1085440K)
[2022-03-31T16:04:27.606-0400][3.080s] GC(7) Pause Young (Normal) (G1 Evacuation Pause) 183M->32M(512M) 12.504ms
[2022-03-31T16:04:27.606-0400][3.080s] GC(7) User=0.05s Sys=0.00s Real=0.01s
[2022-03-31T16:18:34.688-0400][850.161s] GC(8) Pause Young (Concurrent Start) (Metadata GC Threshold)
[2022-03-31T16:18:34.688-0400][850.161s] GC(8) Using 4 workers of 4 for evacuation
[2022-03-31T16:18:34.699-0400][850.173s] GC(8)   Pre Evacuate Collection Set: 0.1ms
[2022-03-31T16:18:34.699-0400][850.173s] GC(8)   Evacuate Collection Set: 10.8ms
[2022-03-31T16:18:34.699-0400][850.173s] GC(8)   Post Evacuate Collection Set: 0.5ms
[2022-03-31T16:18:34.699-0400][850.173s] GC(8)   Other: 0.1ms
[2022-03-31T16:18:34.699-0400][850.173s] GC(8) Eden regions: 104->0(293)
[2022-03-31T16:18:34.699-0400][850.173s] GC(8) Survivor regions: 9->14(33)
[2022-03-31T16:18:34.699-0400][850.173s] GC(8) Old regions: 22->22
[2022-03-31T16:18:34.699-0400][850.173s] GC(8) Humongous regions: 4->4
[2022-03-31T16:18:34.699-0400][850.173s] GC(8) Metaspace: 46735K->46735K(1091584K)
[2022-03-31T16:18:34.699-0400][850.173s] GC(8) Pause Young (Concurrent Start) (Metadata GC Threshold) 135M->37M(512M) 11.593ms
[2022-03-31T16:18:34.699-0400][850.173s] GC(8) User=0.03s Sys=0.00s Real=0.01s
[2022-03-31T16:18:34.699-0400][850.173s] GC(9) Concurrent Cycle
[2022-03-31T16:18:34.699-0400][850.173s] GC(9) Concurrent Clear Claimed Marks
[2022-03-31T16:18:34.699-0400][850.173s] GC(9) Concurrent Clear Claimed Marks 0.055ms
[2022-03-31T16:18:34.699-0400][850.173s] GC(9) Concurrent Scan Root Regions
[2022-03-31T16:18:34.707-0400][850.181s] GC(9) Concurrent Scan Root Regions 7.730ms
[2022-03-31T16:18:34.707-0400][850.181s] GC(9) Concurrent Mark (850.181s)
[2022-03-31T16:18:34.707-0400][850.181s] GC(9) Concurrent Mark From Roots
[2022-03-31T16:18:34.707-0400][850.181s] GC(9) Using 1 workers of 1 for marking
[2022-03-31T16:18:34.731-0400][850.205s] GC(9) Concurrent Mark From Roots 24.153ms
[2022-03-31T16:18:34.731-0400][850.205s] GC(9) Concurrent Preclean
[2022-03-31T16:18:34.732-0400][850.205s] GC(9) Concurrent Preclean 0.226ms
[2022-03-31T16:18:34.732-0400][850.205s] GC(9) Concurrent Mark (850.181s, 850.205s) 24.434ms
[2022-03-31T16:18:34.732-0400][850.205s] GC(9) Pause Remark
[2022-03-31T16:18:34.740-0400][850.214s] GC(9) Cleaned string and symbol table, strings: 22425 processed, 937 removed, symbols: 136224 processed, 588 removed
[2022-03-31T16:18:34.741-0400][850.214s] GC(9) Pause Remark 40M->40M(512M) 8.967ms
[2022-03-31T16:18:34.741-0400][850.214s] GC(9) User=0.02s Sys=0.00s Real=0.01s
[2022-03-31T16:18:34.741-0400][850.215s] GC(9) Concurrent Rebuild Remembered Sets
[2022-03-31T16:18:34.755-0400][850.229s] GC(9) Concurrent Rebuild Remembered Sets 14.536ms
[2022-03-31T16:18:34.756-0400][850.229s] GC(9) Pause Cleanup
[2022-03-31T16:18:34.756-0400][850.229s] GC(9) Pause Cleanup 41M->41M(512M) 0.069ms
[2022-03-31T16:18:34.756-0400][850.229s] GC(9) User=0.00s Sys=0.00s Real=0.00s
[2022-03-31T16:18:34.756-0400][850.229s] GC(9) Concurrent Cleanup for Next Mark
[2022-03-31T16:18:34.756-0400][850.230s] GC(9) Concurrent Cleanup for Next Mark 0.475ms
[2022-03-31T16:18:34.756-0400][850.230s] GC(9) Concurrent Cycle 56.714ms
[2022-03-31T17:54:07.818-0400][6583.291s] Heap
[2022-03-31T17:54:07.818-0400][6583.291s]  garbage-first heap   total 524288K, used 99255K [0x00000000e0000000, 0x0000000100000000)
[2022-03-31T17:54:07.818-0400][6583.291s]   region size 1024K, 74 young (75776K), 14 survivors (14336K)
[2022-03-31T17:54:07.818-0400][6583.292s]  Metaspace       used 48228K, capacity 49271K, committed 49700K, reserved 1093632K
[2022-03-31T17:54:07.818-0400][6583.292s]   class space    used 5679K, capacity 6105K, committed 6272K, reserved 1048576K
