[2022-03-31T12:45:19.346-0400][0.026s] Heap region size: 1M
[2022-03-31T12:45:19.360-0400][0.040s] Using G1
[2022-03-31T12:45:19.360-0400][0.040s] Heap address: 0x00000000e0000000, size: 512 MB, Compressed Oops mode: 32-bit
[2022-03-31T12:45:19.361-0400][0.041s] Mark closed archive regions in map: [0x00000000fff00000, 0x00000000fff6aff8]
[2022-03-31T12:45:19.361-0400][0.041s] Mark open archive regions in map: [0x00000000ffe00000, 0x00000000ffe46ff8]
[2022-03-31T12:45:19.798-0400][0.478s] GC(0) Pause Young (Normal) (G1 Evacuation Pause)
[2022-03-31T12:45:19.799-0400][0.479s] GC(0) Using 4 workers of 4 for evacuation
[2022-03-31T12:45:19.806-0400][0.486s] GC(0)   Pre Evacuate Collection Set: 0.0ms
[2022-03-31T12:45:19.806-0400][0.486s] GC(0)   Evacuate Collection Set: 6.1ms
[2022-03-31T12:45:19.806-0400][0.486s] GC(0)   Post Evacuate Collection Set: 1.1ms
[2022-03-31T12:45:19.806-0400][0.486s] GC(0)   Other: 0.5ms
[2022-03-31T12:45:19.806-0400][0.486s] GC(0) Eden regions: 25->0(304)
[2022-03-31T12:45:19.806-0400][0.486s] GC(0) Survivor regions: 0->3(4)
[2022-03-31T12:45:19.806-0400][0.486s] GC(0) Old regions: 2->2
[2022-03-31T12:45:19.806-0400][0.486s] GC(0) Humongous regions: 0->0
[2022-03-31T12:45:19.806-0400][0.486s] GC(0) Metaspace: 6668K->6668K(1056768K)
[2022-03-31T12:45:19.806-0400][0.486s] GC(0) Pause Young (Normal) (G1 Evacuation Pause) 25M->3M(512M) 7.736ms
[2022-03-31T12:45:19.806-0400][0.486s] GC(0) User=0.03s Sys=0.00s Real=0.01s
[2022-03-31T12:45:20.279-0400][0.959s] GC(1) Pause Young (Normal) (G1 Evacuation Pause)
[2022-03-31T12:45:20.279-0400][0.959s] GC(1) Using 4 workers of 4 for evacuation
[2022-03-31T12:45:20.298-0400][0.978s] GC(1)   Pre Evacuate Collection Set: 0.0ms
[2022-03-31T12:45:20.298-0400][0.978s] GC(1)   Evacuate Collection Set: 19.1ms
[2022-03-31T12:45:20.298-0400][0.978s] GC(1)   Post Evacuate Collection Set: 0.4ms
[2022-03-31T12:45:20.298-0400][0.978s] GC(1)   Other: 0.1ms
[2022-03-31T12:45:20.298-0400][0.978s] GC(1) Eden regions: 34->0(39)
[2022-03-31T12:45:20.298-0400][0.978s] GC(1) Survivor regions: 3->5(5)
[2022-03-31T12:45:20.298-0400][0.978s] GC(1) Old regions: 2->9
[2022-03-31T12:45:20.298-0400][0.978s] GC(1) Humongous regions: 4->4
[2022-03-31T12:45:20.298-0400][0.978s] GC(1) Metaspace: 15258K->15258K(1062912K)
[2022-03-31T12:45:20.298-0400][0.978s] GC(1) Pause Young (Normal) (G1 Evacuation Pause) 41M->16M(512M) 19.758ms
[2022-03-31T12:45:20.299-0400][0.978s] GC(1) User=0.05s Sys=0.01s Real=0.02s
[2022-03-31T12:45:20.605-0400][1.285s] GC(2) Pause Young (Normal) (G1 Evacuation Pause)
[2022-03-31T12:45:20.605-0400][1.285s] GC(2) Using 4 workers of 4 for evacuation
[2022-03-31T12:45:20.615-0400][1.295s] GC(2)   Pre Evacuate Collection Set: 0.0ms
[2022-03-31T12:45:20.615-0400][1.295s] GC(2)   Evacuate Collection Set: 9.6ms
[2022-03-31T12:45:20.615-0400][1.295s] GC(2)   Post Evacuate Collection Set: 0.3ms
[2022-03-31T12:45:20.615-0400][1.295s] GC(2)   Other: 0.1ms
[2022-03-31T12:45:20.615-0400][1.295s] GC(2) Eden regions: 35->0(46)
[2022-03-31T12:45:20.615-0400][1.295s] GC(2) Survivor regions: 5->5(5)
[2022-03-31T12:45:20.615-0400][1.295s] GC(2) Old regions: 9->16
[2022-03-31T12:45:20.615-0400][1.295s] GC(2) Humongous regions: 4->4
[2022-03-31T12:45:20.615-0400][1.295s] GC(2) Metaspace: 18826K->18826K(1067008K)
[2022-03-31T12:45:20.615-0400][1.295s] GC(2) Pause Young (Normal) (G1 Evacuation Pause) 51M->23M(512M) 10.087ms
[2022-03-31T12:45:20.615-0400][1.295s] GC(2) User=0.03s Sys=0.00s Real=0.01s
[2022-03-31T12:45:20.690-0400][1.370s] GC(3) Pause Young (Concurrent Start) (Metadata GC Threshold)
[2022-03-31T12:45:20.690-0400][1.370s] GC(3) Using 4 workers of 4 for evacuation
[2022-03-31T12:45:20.693-0400][1.373s] GC(3)   Pre Evacuate Collection Set: 0.0ms
[2022-03-31T12:45:20.693-0400][1.373s] GC(3)   Evacuate Collection Set: 3.0ms
[2022-03-31T12:45:20.693-0400][1.373s] GC(3)   Post Evacuate Collection Set: 0.2ms
[2022-03-31T12:45:20.693-0400][1.373s] GC(3)   Other: 0.1ms
[2022-03-31T12:45:20.693-0400][1.373s] GC(3) Eden regions: 17->0(51)
[2022-03-31T12:45:20.693-0400][1.373s] GC(3) Survivor regions: 5->1(7)
[2022-03-31T12:45:20.693-0400][1.373s] GC(3) Old regions: 16->22
[2022-03-31T12:45:20.693-0400][1.373s] GC(3) Humongous regions: 4->4
[2022-03-31T12:45:20.693-0400][1.373s] GC(3) Metaspace: 20404K->20404K(1069056K)
[2022-03-31T12:45:20.693-0400][1.373s] GC(3) Pause Young (Concurrent Start) (Metadata GC Threshold) 40M->24M(512M) 3.423ms
[2022-03-31T12:45:20.693-0400][1.373s] GC(3) User=0.01s Sys=0.00s Real=0.00s
[2022-03-31T12:45:20.693-0400][1.373s] GC(4) Concurrent Cycle
[2022-03-31T12:45:20.693-0400][1.373s] GC(4) Concurrent Clear Claimed Marks
[2022-03-31T12:45:20.693-0400][1.373s] GC(4) Concurrent Clear Claimed Marks 0.034ms
[2022-03-31T12:45:20.693-0400][1.373s] GC(4) Concurrent Scan Root Regions
[2022-03-31T12:45:20.694-0400][1.374s] GC(4) Concurrent Scan Root Regions 0.318ms
[2022-03-31T12:45:20.694-0400][1.374s] GC(4) Concurrent Mark (1.374s)
[2022-03-31T12:45:20.694-0400][1.374s] GC(4) Concurrent Mark From Roots
[2022-03-31T12:45:20.694-0400][1.374s] GC(4) Using 1 workers of 1 for marking
[2022-03-31T12:45:20.720-0400][1.400s] GC(4) Concurrent Mark From Roots 25.973ms
[2022-03-31T12:45:20.720-0400][1.400s] GC(4) Concurrent Preclean
[2022-03-31T12:45:20.720-0400][1.400s] GC(4) Concurrent Preclean 0.137ms
[2022-03-31T12:45:20.720-0400][1.400s] GC(4) Concurrent Mark (1.374s, 1.400s) 26.151ms
[2022-03-31T12:45:20.720-0400][1.400s] GC(4) Pause Remark
[2022-03-31T12:45:20.726-0400][1.406s] GC(4) Cleaned string and symbol table, strings: 8739 processed, 25 removed, symbols: 63557 processed, 33 removed
[2022-03-31T12:45:20.726-0400][1.406s] GC(4) Pause Remark 28M->28M(512M) 5.740ms
[2022-03-31T12:45:20.726-0400][1.406s] GC(4) User=0.01s Sys=0.00s Real=0.01s
[2022-03-31T12:45:20.726-0400][1.406s] GC(4) Concurrent Rebuild Remembered Sets
[2022-03-31T12:45:20.745-0400][1.424s] GC(4) Concurrent Rebuild Remembered Sets 18.713ms
[2022-03-31T12:45:20.745-0400][1.425s] GC(4) Pause Cleanup
[2022-03-31T12:45:20.745-0400][1.425s] GC(4) Pause Cleanup 30M->30M(512M) 0.207ms
[2022-03-31T12:45:20.745-0400][1.425s] GC(4) User=0.00s Sys=0.00s Real=0.00s
[2022-03-31T12:45:20.745-0400][1.425s] GC(4) Concurrent Cleanup for Next Mark
[2022-03-31T12:45:20.746-0400][1.426s] GC(4) Concurrent Cleanup for Next Mark 0.490ms
[2022-03-31T12:45:20.746-0400][1.426s] GC(4) Concurrent Cycle 52.267ms
[2022-03-31T12:45:21.271-0400][1.951s] GC(5) Pause Young (Concurrent Start) (G1 Evacuation Pause)
[2022-03-31T12:45:21.272-0400][1.951s] GC(5) Using 4 workers of 4 for evacuation
[2022-03-31T12:45:21.290-0400][1.970s] GC(5)   Pre Evacuate Collection Set: 0.0ms
[2022-03-31T12:45:21.290-0400][1.970s] GC(5)   Evacuate Collection Set: 7.0ms
[2022-03-31T12:45:21.290-0400][1.970s] GC(5)   Post Evacuate Collection Set: 11.2ms
[2022-03-31T12:45:21.290-0400][1.970s] GC(5)   Other: 0.1ms
[2022-03-31T12:45:21.290-0400][1.970s] GC(5) Eden regions: 51->0(168)
[2022-03-31T12:45:21.290-0400][1.970s] GC(5) Survivor regions: 1->2(7)
[2022-03-31T12:45:21.290-0400][1.970s] GC(5) Old regions: 22->22
[2022-03-31T12:45:21.290-0400][1.970s] GC(5) Humongous regions: 4->4
[2022-03-31T12:45:21.290-0400][1.970s] GC(5) Metaspace: 26419K->26419K(1073152K)
[2022-03-31T12:45:21.290-0400][1.970s] GC(5) Pause Young (Concurrent Start) (G1 Evacuation Pause) 75M->25M(512M) 18.440ms
[2022-03-31T12:45:21.290-0400][1.970s] GC(5) User=0.07s Sys=0.01s Real=0.02s
[2022-03-31T12:45:21.290-0400][1.970s] GC(6) Concurrent Cycle
[2022-03-31T12:45:21.290-0400][1.970s] GC(6) Concurrent Clear Claimed Marks
[2022-03-31T12:45:21.290-0400][1.970s] GC(6) Concurrent Clear Claimed Marks 0.049ms
[2022-03-31T12:45:21.290-0400][1.970s] GC(6) Concurrent Scan Root Regions
[2022-03-31T12:45:21.297-0400][1.977s] GC(6) Concurrent Scan Root Regions 7.029ms
[2022-03-31T12:45:21.297-0400][1.977s] GC(6) Concurrent Mark (1.977s)
[2022-03-31T12:45:21.297-0400][1.977s] GC(6) Concurrent Mark From Roots
[2022-03-31T12:45:21.297-0400][1.977s] GC(6) Using 1 workers of 1 for marking
[2022-03-31T12:45:21.324-0400][2.004s] GC(6) Concurrent Mark From Roots 26.634ms
[2022-03-31T12:45:21.324-0400][2.004s] GC(6) Concurrent Preclean
[2022-03-31T12:45:21.324-0400][2.004s] GC(6) Concurrent Preclean 0.093ms
[2022-03-31T12:45:21.324-0400][2.004s] GC(6) Concurrent Mark (1.977s, 2.004s) 26.769ms
[2022-03-31T12:45:21.324-0400][2.004s] GC(6) Pause Remark
[2022-03-31T12:45:21.327-0400][2.007s] GC(6) Cleaned string and symbol table, strings: 11709 processed, 0 removed, symbols: 81526 processed, 32 removed
[2022-03-31T12:45:21.328-0400][2.007s] GC(6) Pause Remark 28M->28M(512M) 3.601ms
[2022-03-31T12:45:21.328-0400][2.008s] GC(6) User=0.01s Sys=0.00s Real=0.00s
[2022-03-31T12:45:21.328-0400][2.008s] GC(6) Concurrent Rebuild Remembered Sets
[2022-03-31T12:45:21.353-0400][2.033s] GC(6) Concurrent Rebuild Remembered Sets 25.708ms
[2022-03-31T12:45:21.354-0400][2.033s] GC(6) Pause Cleanup
[2022-03-31T12:45:21.354-0400][2.034s] GC(6) Pause Cleanup 32M->32M(512M) 0.093ms
[2022-03-31T12:45:21.354-0400][2.034s] GC(6) User=0.00s Sys=0.00s Real=0.01s
[2022-03-31T12:45:21.354-0400][2.034s] GC(6) Concurrent Cleanup for Next Mark
[2022-03-31T12:45:21.366-0400][2.046s] GC(6) Concurrent Cleanup for Next Mark 12.457ms
[2022-03-31T12:45:21.366-0400][2.046s] GC(6) Concurrent Cycle 76.179ms
[2022-03-31T12:45:43.928-0400][24.608s] GC(7) Pause Young (Normal) (G1 Evacuation Pause)
[2022-03-31T12:45:43.928-0400][24.608s] GC(7) Using 4 workers of 4 for evacuation
[2022-03-31T12:45:43.942-0400][24.622s] GC(7)   Pre Evacuate Collection Set: 0.0ms
[2022-03-31T12:45:43.942-0400][24.622s] GC(7)   Evacuate Collection Set: 12.3ms
[2022-03-31T12:45:43.942-0400][24.622s] GC(7)   Post Evacuate Collection Set: 1.5ms
[2022-03-31T12:45:43.942-0400][24.622s] GC(7)   Other: 0.3ms
[2022-03-31T12:45:43.942-0400][24.622s] GC(7) Eden regions: 168->0(229)
[2022-03-31T12:45:43.942-0400][24.622s] GC(7) Survivor regions: 2->9(22)
[2022-03-31T12:45:43.942-0400][24.622s] GC(7) Old regions: 22->22
[2022-03-31T12:45:43.942-0400][24.622s] GC(7) Humongous regions: 5->4
[2022-03-31T12:45:43.942-0400][24.622s] GC(7) Metaspace: 41516K->41516K(1087488K)
[2022-03-31T12:45:43.942-0400][24.622s] GC(7) Pause Young (Normal) (G1 Evacuation Pause) 194M->33M(512M) 14.273ms
[2022-03-31T12:45:43.942-0400][24.622s] GC(7) User=0.04s Sys=0.01s Real=0.02s
[2022-03-31T12:45:44.394-0400][25.074s] GC(8) Pause Young (Concurrent Start) (Metadata GC Threshold)
[2022-03-31T12:45:44.394-0400][25.074s] GC(8) Using 4 workers of 4 for evacuation
[2022-03-31T12:45:44.413-0400][25.093s] GC(8)   Pre Evacuate Collection Set: 0.1ms
[2022-03-31T12:45:44.413-0400][25.093s] GC(8)   Evacuate Collection Set: 17.4ms
[2022-03-31T12:45:44.413-0400][25.093s] GC(8)   Post Evacuate Collection Set: 1.1ms
[2022-03-31T12:45:44.413-0400][25.093s] GC(8)   Other: 0.1ms
[2022-03-31T12:45:44.413-0400][25.093s] GC(8) Eden regions: 90->0(173)
[2022-03-31T12:45:44.413-0400][25.093s] GC(8) Survivor regions: 9->14(30)
[2022-03-31T12:45:44.413-0400][25.093s] GC(8) Old regions: 22->22
[2022-03-31T12:45:44.413-0400][25.093s] GC(8) Humongous regions: 4->4
[2022-03-31T12:45:44.413-0400][25.093s] GC(8) Metaspace: 45734K->45734K(1091584K)
[2022-03-31T12:45:44.413-0400][25.093s] GC(8) Pause Young (Concurrent Start) (Metadata GC Threshold) 123M->38M(512M) 18.771ms
[2022-03-31T12:45:44.413-0400][25.093s] GC(8) User=0.06s Sys=0.00s Real=0.01s
[2022-03-31T12:45:44.413-0400][25.093s] GC(9) Concurrent Cycle
[2022-03-31T12:45:44.413-0400][25.093s] GC(9) Concurrent Clear Claimed Marks
[2022-03-31T12:45:44.413-0400][25.093s] GC(9) Concurrent Clear Claimed Marks 0.049ms
[2022-03-31T12:45:44.413-0400][25.093s] GC(9) Concurrent Scan Root Regions
[2022-03-31T12:45:44.420-0400][25.100s] GC(9) Concurrent Scan Root Regions 7.116ms
[2022-03-31T12:45:44.420-0400][25.100s] GC(9) Concurrent Mark (25.100s)
[2022-03-31T12:45:44.420-0400][25.100s] GC(9) Concurrent Mark From Roots
[2022-03-31T12:45:44.421-0400][25.100s] GC(9) Using 1 workers of 1 for marking
[2022-03-31T12:45:44.447-0400][25.127s] GC(9) Concurrent Mark From Roots 26.105ms
[2022-03-31T12:45:44.447-0400][25.127s] GC(9) Concurrent Preclean
[2022-03-31T12:45:44.447-0400][25.127s] GC(9) Concurrent Preclean 0.086ms
[2022-03-31T12:45:44.447-0400][25.127s] GC(9) Concurrent Mark (25.100s, 25.127s) 26.236ms
[2022-03-31T12:45:44.447-0400][25.127s] GC(9) Pause Remark
[2022-03-31T12:45:44.455-0400][25.135s] GC(9) Cleaned string and symbol table, strings: 22184 processed, 0 removed, symbols: 134558 processed, 569 removed
[2022-03-31T12:45:44.455-0400][25.135s] GC(9) Pause Remark 41M->41M(512M) 8.158ms
[2022-03-31T12:45:44.455-0400][25.135s] GC(9) User=0.02s Sys=0.00s Real=0.01s
[2022-03-31T12:45:44.455-0400][25.135s] GC(9) Concurrent Rebuild Remembered Sets
[2022-03-31T12:45:44.470-0400][25.150s] GC(9) Concurrent Rebuild Remembered Sets 14.732ms
[2022-03-31T12:45:44.470-0400][25.150s] GC(9) Pause Cleanup
[2022-03-31T12:45:44.470-0400][25.150s] GC(9) Pause Cleanup 43M->43M(512M) 0.085ms
[2022-03-31T12:45:44.470-0400][25.150s] GC(9) User=0.00s Sys=0.00s Real=0.00s
[2022-03-31T12:45:44.470-0400][25.150s] GC(9) Concurrent Cleanup for Next Mark
[2022-03-31T12:45:44.471-0400][25.150s] GC(9) Concurrent Cleanup for Next Mark 0.457ms
[2022-03-31T12:45:44.471-0400][25.150s] GC(9) Concurrent Cycle 57.319ms
[2022-03-31T16:04:22.351-0400][11943.031s] Heap
[2022-03-31T16:04:22.351-0400][11943.031s]  garbage-first heap   total 524288K, used 144521K [0x00000000e0000000, 0x0000000100000000)
[2022-03-31T16:04:22.351-0400][11943.031s]   region size 1024K, 118 young (120832K), 14 survivors (14336K)
[2022-03-31T16:04:22.351-0400][11943.031s]  Metaspace       used 48571K, capacity 49792K, committed 50040K, reserved 1093632K
[2022-03-31T16:04:22.351-0400][11943.031s]   class space    used 5758K, capacity 6245K, committed 6272K, reserved 1048576K
